CRITICAL - 2025-08-20 20:21:55 --> CodeIgniter\HTTP\Exceptions\BadRequestException: The URI you submitted has disallowed characters: "<svg xmlns="http:"
[Method: GET, Route: template/css/%3Csvg%20xmlns=%22http:/www.w3.org/2000/svg%22%20viewBox=%220%200%20640%20640%22%3E%3Cpath%20fill=%22]
in SYSTEMPATH/Router/Router.php on line 737.
 1 SYSTEMPATH/Router/Router.php(204): CodeIgniter\Router\Router->checkDisallowedChars('template/css/<svg xmlns="http:/www.w3.org/2000/svg" viewBox="0 0 640 640"><path fill="')
 2 SYSTEMPATH/CodeIgniter.php(834): CodeIgniter\Router\Router->handle('template/css/<svg xmlns="http:/www.w3.org/2000/svg" viewBox="0 0 640 640"><path fill="')
 3 SYSTEMPATH/CodeIgniter.php(457): CodeIgniter\CodeIgniter->tryToRouteIt(Object(CodeIgniter\Router\RouteCollection))
 4 SYSTEMPATH/CodeIgniter.php(355): CodeIgniter\CodeIgniter->handleRequest(null, Object(Config\Cache), false)
 5 SYSTEMPATH/Boot.php(325): CodeIgniter\CodeIgniter->run()
 6 SYSTEMPATH/Boot.php(67): CodeIgniter\Boot::runCodeIgniter(Object(CodeIgniter\CodeIgniter))
 7 FCPATH/index.php(56): CodeIgniter\Boot::bootWeb(Object(Config\Paths))
CRITICAL - 2025-08-20 20:21:55 --> CodeIgniter\HTTP\Exceptions\BadRequestException: The URI you submitted has disallowed characters: "<svg xmlns="http:"
[Method: GET, Route: template/css/%3Csvg%20xmlns=%22http:/www.w3.org/2000/svg%22%20viewBox=%220%200%20640%20640%22%3E%3Cpath%20fill=%22]
in SYSTEMPATH/Router/Router.php on line 737.
 1 SYSTEMPATH/Router/Router.php(204): CodeIgniter\Router\Router->checkDisallowedChars('template/css/<svg xmlns="http:/www.w3.org/2000/svg" viewBox="0 0 640 640"><path fill="')
 2 SYSTEMPATH/CodeIgniter.php(834): CodeIgniter\Router\Router->handle('template/css/<svg xmlns="http:/www.w3.org/2000/svg" viewBox="0 0 640 640"><path fill="')
 3 SYSTEMPATH/CodeIgniter.php(457): CodeIgniter\CodeIgniter->tryToRouteIt(Object(CodeIgniter\Router\RouteCollection))
 4 SYSTEMPATH/CodeIgniter.php(355): CodeIgniter\CodeIgniter->handleRequest(null, Object(Config\Cache), false)
 5 SYSTEMPATH/Boot.php(325): CodeIgniter\CodeIgniter->run()
 6 SYSTEMPATH/Boot.php(67): CodeIgniter\Boot::runCodeIgniter(Object(CodeIgniter\CodeIgniter))
 7 FCPATH/index.php(56): CodeIgniter\Boot::bootWeb(Object(Config\Paths))
CRITICAL - 2025-08-20 20:21:58 --> CodeIgniter\HTTP\Exceptions\BadRequestException: The URI you submitted has disallowed characters: "<svg xmlns="http:"
[Method: GET, Route: template/css/%3Csvg%20xmlns=%22http:/www.w3.org/2000/svg%22%20viewBox=%220%200%20640%20640%22%3E%3Cpath%20fill=%22]
in SYSTEMPATH/Router/Router.php on line 737.
 1 SYSTEMPATH/Router/Router.php(204): CodeIgniter\Router\Router->checkDisallowedChars('template/css/<svg xmlns="http:/www.w3.org/2000/svg" viewBox="0 0 640 640"><path fill="')
 2 SYSTEMPATH/CodeIgniter.php(834): CodeIgniter\Router\Router->handle('template/css/<svg xmlns="http:/www.w3.org/2000/svg" viewBox="0 0 640 640"><path fill="')
 3 SYSTEMPATH/CodeIgniter.php(457): CodeIgniter\CodeIgniter->tryToRouteIt(Object(CodeIgniter\Router\RouteCollection))
 4 SYSTEMPATH/CodeIgniter.php(355): CodeIgniter\CodeIgniter->handleRequest(null, Object(Config\Cache), false)
 5 SYSTEMPATH/Boot.php(325): CodeIgniter\CodeIgniter->run()
 6 SYSTEMPATH/Boot.php(67): CodeIgniter\Boot::runCodeIgniter(Object(CodeIgniter\CodeIgniter))
 7 FCPATH/index.php(56): CodeIgniter\Boot::bootWeb(Object(Config\Paths))
CRITICAL - 2025-08-20 20:21:58 --> CodeIgniter\HTTP\Exceptions\BadRequestException: The URI you submitted has disallowed characters: "<svg xmlns="http:"
[Method: GET, Route: template/css/%3Csvg%20xmlns=%22http:/www.w3.org/2000/svg%22%20viewBox=%220%200%20640%20640%22%3E%3Cpath%20fill=%22]
in SYSTEMPATH/Router/Router.php on line 737.
 1 SYSTEMPATH/Router/Router.php(204): CodeIgniter\Router\Router->checkDisallowedChars('template/css/<svg xmlns="http:/www.w3.org/2000/svg" viewBox="0 0 640 640"><path fill="')
 2 SYSTEMPATH/CodeIgniter.php(834): CodeIgniter\Router\Router->handle('template/css/<svg xmlns="http:/www.w3.org/2000/svg" viewBox="0 0 640 640"><path fill="')
 3 SYSTEMPATH/CodeIgniter.php(457): CodeIgniter\CodeIgniter->tryToRouteIt(Object(CodeIgniter\Router\RouteCollection))
 4 SYSTEMPATH/CodeIgniter.php(355): CodeIgniter\CodeIgniter->handleRequest(null, Object(Config\Cache), false)
 5 SYSTEMPATH/Boot.php(325): CodeIgniter\CodeIgniter->run()
 6 SYSTEMPATH/Boot.php(67): CodeIgniter\Boot::runCodeIgniter(Object(CodeIgniter\CodeIgniter))
 7 FCPATH/index.php(56): CodeIgniter\Boot::bootWeb(Object(Config\Paths))
CRITICAL - 2025-08-20 20:21:59 --> CodeIgniter\HTTP\Exceptions\BadRequestException: The URI you submitted has disallowed characters: "<svg xmlns="http:"
[Method: GET, Route: template/css/%3Csvg%20xmlns=%22http:/www.w3.org/2000/svg%22%20viewBox=%220%200%20640%20640%22%3E%3Cpath%20fill=%22]
in SYSTEMPATH/Router/Router.php on line 737.
 1 SYSTEMPATH/Router/Router.php(204): CodeIgniter\Router\Router->checkDisallowedChars('template/css/<svg xmlns="http:/www.w3.org/2000/svg" viewBox="0 0 640 640"><path fill="')
 2 SYSTEMPATH/CodeIgniter.php(834): CodeIgniter\Router\Router->handle('template/css/<svg xmlns="http:/www.w3.org/2000/svg" viewBox="0 0 640 640"><path fill="')
 3 SYSTEMPATH/CodeIgniter.php(457): CodeIgniter\CodeIgniter->tryToRouteIt(Object(CodeIgniter\Router\RouteCollection))
 4 SYSTEMPATH/CodeIgniter.php(355): CodeIgniter\CodeIgniter->handleRequest(null, Object(Config\Cache), false)
 5 SYSTEMPATH/Boot.php(325): CodeIgniter\CodeIgniter->run()
 6 SYSTEMPATH/Boot.php(67): CodeIgniter\Boot::runCodeIgniter(Object(CodeIgniter\CodeIgniter))
 7 FCPATH/index.php(56): CodeIgniter\Boot::bootWeb(Object(Config\Paths))
CRITICAL - 2025-08-20 20:22:01 --> CodeIgniter\HTTP\Exceptions\BadRequestException: The URI you submitted has disallowed characters: "<svg xmlns="http:"
[Method: GET, Route: template/css/%3Csvg%20xmlns=%22http:/www.w3.org/2000/svg%22%20viewBox=%220%200%20640%20640%22%3E%3Cpath%20fill=%22]
in SYSTEMPATH/Router/Router.php on line 737.
 1 SYSTEMPATH/Router/Router.php(204): CodeIgniter\Router\Router->checkDisallowedChars('template/css/<svg xmlns="http:/www.w3.org/2000/svg" viewBox="0 0 640 640"><path fill="')
 2 SYSTEMPATH/CodeIgniter.php(834): CodeIgniter\Router\Router->handle('template/css/<svg xmlns="http:/www.w3.org/2000/svg" viewBox="0 0 640 640"><path fill="')
 3 SYSTEMPATH/CodeIgniter.php(457): CodeIgniter\CodeIgniter->tryToRouteIt(Object(CodeIgniter\Router\RouteCollection))
 4 SYSTEMPATH/CodeIgniter.php(355): CodeIgniter\CodeIgniter->handleRequest(null, Object(Config\Cache), false)
 5 SYSTEMPATH/Boot.php(325): CodeIgniter\CodeIgniter->run()
 6 SYSTEMPATH/Boot.php(67): CodeIgniter\Boot::runCodeIgniter(Object(CodeIgniter\CodeIgniter))
 7 FCPATH/index.php(56): CodeIgniter\Boot::bootWeb(Object(Config\Paths))
CRITICAL - 2025-08-20 20:22:01 --> CodeIgniter\HTTP\Exceptions\BadRequestException: The URI you submitted has disallowed characters: "<svg xmlns="http:"
[Method: GET, Route: template/css/%3Csvg%20xmlns=%22http:/www.w3.org/2000/svg%22%20viewBox=%220%200%20640%20640%22%3E%3Cpath%20fill=%22]
in SYSTEMPATH/Router/Router.php on line 737.
 1 SYSTEMPATH/Router/Router.php(204): CodeIgniter\Router\Router->checkDisallowedChars('template/css/<svg xmlns="http:/www.w3.org/2000/svg" viewBox="0 0 640 640"><path fill="')
 2 SYSTEMPATH/CodeIgniter.php(834): CodeIgniter\Router\Router->handle('template/css/<svg xmlns="http:/www.w3.org/2000/svg" viewBox="0 0 640 640"><path fill="')
 3 SYSTEMPATH/CodeIgniter.php(457): CodeIgniter\CodeIgniter->tryToRouteIt(Object(CodeIgniter\Router\RouteCollection))
 4 SYSTEMPATH/CodeIgniter.php(355): CodeIgniter\CodeIgniter->handleRequest(null, Object(Config\Cache), false)
 5 SYSTEMPATH/Boot.php(325): CodeIgniter\CodeIgniter->run()
 6 SYSTEMPATH/Boot.php(67): CodeIgniter\Boot::runCodeIgniter(Object(CodeIgniter\CodeIgniter))
 7 FCPATH/index.php(56): CodeIgniter\Boot::bootWeb(Object(Config\Paths))
CRITICAL - 2025-08-20 20:22:07 --> CodeIgniter\HTTP\Exceptions\BadRequestException: The URI you submitted has disallowed characters: "<svg xmlns="http:"
[Method: GET, Route: template/css/%3Csvg%20xmlns=%22http:/www.w3.org/2000/svg%22%20viewBox=%220%200%20640%20640%22%3E%3Cpath%20fill=%22]
in SYSTEMPATH/Router/Router.php on line 737.
 1 SYSTEMPATH/Router/Router.php(204): CodeIgniter\Router\Router->checkDisallowedChars('template/css/<svg xmlns="http:/www.w3.org/2000/svg" viewBox="0 0 640 640"><path fill="')
 2 SYSTEMPATH/CodeIgniter.php(834): CodeIgniter\Router\Router->handle('template/css/<svg xmlns="http:/www.w3.org/2000/svg" viewBox="0 0 640 640"><path fill="')
 3 SYSTEMPATH/CodeIgniter.php(457): CodeIgniter\CodeIgniter->tryToRouteIt(Object(CodeIgniter\Router\RouteCollection))
 4 SYSTEMPATH/CodeIgniter.php(355): CodeIgniter\CodeIgniter->handleRequest(null, Object(Config\Cache), false)
 5 SYSTEMPATH/Boot.php(325): CodeIgniter\CodeIgniter->run()
 6 SYSTEMPATH/Boot.php(67): CodeIgniter\Boot::runCodeIgniter(Object(CodeIgniter\CodeIgniter))
 7 FCPATH/index.php(56): CodeIgniter\Boot::bootWeb(Object(Config\Paths))
CRITICAL - 2025-08-20 20:24:12 --> CodeIgniter\HTTP\Exceptions\BadRequestException: The URI you submitted has disallowed characters: "<svg xmlns="http:"
[Method: GET, Route: template/css/%3Csvg%20xmlns=%22http:/www.w3.org/2000/svg%22%20viewBox=%220%200%20640%20640%22%3E%3Cpath%20fill=%22]
in SYSTEMPATH/Router/Router.php on line 737.
 1 SYSTEMPATH/Router/Router.php(204): CodeIgniter\Router\Router->checkDisallowedChars('template/css/<svg xmlns="http:/www.w3.org/2000/svg" viewBox="0 0 640 640"><path fill="')
 2 SYSTEMPATH/CodeIgniter.php(834): CodeIgniter\Router\Router->handle('template/css/<svg xmlns="http:/www.w3.org/2000/svg" viewBox="0 0 640 640"><path fill="')
 3 SYSTEMPATH/CodeIgniter.php(457): CodeIgniter\CodeIgniter->tryToRouteIt(Object(CodeIgniter\Router\RouteCollection))
 4 SYSTEMPATH/CodeIgniter.php(355): CodeIgniter\CodeIgniter->handleRequest(null, Object(Config\Cache), false)
 5 SYSTEMPATH/Boot.php(325): CodeIgniter\CodeIgniter->run()
 6 SYSTEMPATH/Boot.php(67): CodeIgniter\Boot::runCodeIgniter(Object(CodeIgniter\CodeIgniter))
 7 FCPATH/index.php(56): CodeIgniter\Boot::bootWeb(Object(Config\Paths))
CRITICAL - 2025-08-20 20:24:13 --> CodeIgniter\HTTP\Exceptions\BadRequestException: The URI you submitted has disallowed characters: "<svg xmlns="http:"
[Method: GET, Route: template/css/%3Csvg%20xmlns=%22http:/www.w3.org/2000/svg%22%20viewBox=%220%200%20640%20640%22%3E%3Cpath%20fill=%22]
in SYSTEMPATH/Router/Router.php on line 737.
 1 SYSTEMPATH/Router/Router.php(204): CodeIgniter\Router\Router->checkDisallowedChars('template/css/<svg xmlns="http:/www.w3.org/2000/svg" viewBox="0 0 640 640"><path fill="')
 2 SYSTEMPATH/CodeIgniter.php(834): CodeIgniter\Router\Router->handle('template/css/<svg xmlns="http:/www.w3.org/2000/svg" viewBox="0 0 640 640"><path fill="')
 3 SYSTEMPATH/CodeIgniter.php(457): CodeIgniter\CodeIgniter->tryToRouteIt(Object(CodeIgniter\Router\RouteCollection))
 4 SYSTEMPATH/CodeIgniter.php(355): CodeIgniter\CodeIgniter->handleRequest(null, Object(Config\Cache), false)
 5 SYSTEMPATH/Boot.php(325): CodeIgniter\CodeIgniter->run()
 6 SYSTEMPATH/Boot.php(67): CodeIgniter\Boot::runCodeIgniter(Object(CodeIgniter\CodeIgniter))
 7 FCPATH/index.php(56): CodeIgniter\Boot::bootWeb(Object(Config\Paths))
CRITICAL - 2025-08-20 20:24:14 --> CodeIgniter\HTTP\Exceptions\BadRequestException: The URI you submitted has disallowed characters: "<svg xmlns="http:"
[Method: GET, Route: template/css/%3Csvg%20xmlns=%22http:/www.w3.org/2000/svg%22%20viewBox=%220%200%20640%20640%22%3E%3Cpath%20fill=%22]
in SYSTEMPATH/Router/Router.php on line 737.
 1 SYSTEMPATH/Router/Router.php(204): CodeIgniter\Router\Router->checkDisallowedChars('template/css/<svg xmlns="http:/www.w3.org/2000/svg" viewBox="0 0 640 640"><path fill="')
 2 SYSTEMPATH/CodeIgniter.php(834): CodeIgniter\Router\Router->handle('template/css/<svg xmlns="http:/www.w3.org/2000/svg" viewBox="0 0 640 640"><path fill="')
 3 SYSTEMPATH/CodeIgniter.php(457): CodeIgniter\CodeIgniter->tryToRouteIt(Object(CodeIgniter\Router\RouteCollection))
 4 SYSTEMPATH/CodeIgniter.php(355): CodeIgniter\CodeIgniter->handleRequest(null, Object(Config\Cache), false)
 5 SYSTEMPATH/Boot.php(325): CodeIgniter\CodeIgniter->run()
 6 SYSTEMPATH/Boot.php(67): CodeIgniter\Boot::runCodeIgniter(Object(CodeIgniter\CodeIgniter))
 7 FCPATH/index.php(56): CodeIgniter\Boot::bootWeb(Object(Config\Paths))
