CRITICAL - 2025-08-14 11:03:36 --> CodeIgniter\HTTP\Exceptions\BadRequestException: The URI you submitted has disallowed characters: "control-de-ruido-(acustica)-con-grupos-electrogenos,-encapsulados,-en-contenedor,-shelter"
[Method: GET, Route: producto/control-de-ruido-%28acustica%29-con-grupos-electrogenos,-encapsulados,-en-contenedor,-shelter]
in SYSTEMPATH/Router/Router.php on line 737.
 1 SYSTEMPATH/Router/Router.php(204): CodeIgniter\Router\Router->checkDisallowedChars('producto/control-de-ruido-(acustica)-con-grupos-electrogenos,-encapsulados,-en-contenedor,-shelter')
 2 SYSTEMPATH/CodeIgniter.php(834): CodeIgniter\Router\Router->handle('producto/control-de-ruido-(acustica)-con-grupos-electrogenos,-encapsulados,-en-contenedor,-shelter')
 3 SYSTEMPATH/CodeIgniter.php(457): CodeIgniter\CodeIgniter->tryToRouteIt(Object(CodeIgniter\Router\RouteCollection))
 4 SYSTEMPATH/CodeIgniter.php(355): CodeIgniter\CodeIgniter->handleRequest(null, Object(Config\Cache), false)
 5 SYSTEMPATH/Boot.php(325): CodeIgniter\CodeIgniter->run()
 6 SYSTEMPATH/Boot.php(67): CodeIgniter\Boot::runCodeIgniter(Object(CodeIgniter\CodeIgniter))
 7 FCPATH/index.php(56): CodeIgniter\Boot::bootWeb(Object(Config\Paths))
CRITICAL - 2025-08-14 11:34:30 --> ErrorException: Undefined variable $pcategorias
[Method: GET, Route: proyectos]
in APPPATH/Views/front/body/proyectos.php on line 45.
 1 APPPATH/Views/front/body/proyectos.php(45): CodeIgniter\Debug\Exceptions->errorHandler(2, 'Undefined variable $pcategorias', '/home/ironplastcom/public_html/demo/app/Views/front/body/proyectos.php', 45)
 2 SYSTEMPATH/View/View.php(234): include('/home/ironplastcom/public_html/demo/app/Views/front/body/proyectos.php')
 3 SYSTEMPATH/View/View.php(237): CodeIgniter\View\View->CodeIgniter\View\{closure}()
 4 SYSTEMPATH/Common.php(1169): CodeIgniter\View\View->render('front/body/proyectos', [], true)
 5 APPPATH/Controllers/BaseController.php(65): view('front/body/proyectos', [...])
 6 APPPATH/Controllers/Front.php(81): App\Controllers\BaseController->front_views('front/body/proyectos', [...])
 7 SYSTEMPATH/CodeIgniter.php(933): App\Controllers\Front->proyectos()
 8 SYSTEMPATH/CodeIgniter.php(509): CodeIgniter\CodeIgniter->runController(Object(App\Controllers\Front))
 9 SYSTEMPATH/CodeIgniter.php(355): CodeIgniter\CodeIgniter->handleRequest(null, Object(Config\Cache), false)
10 SYSTEMPATH/Boot.php(325): CodeIgniter\CodeIgniter->run()
11 SYSTEMPATH/Boot.php(67): CodeIgniter\Boot::runCodeIgniter(Object(CodeIgniter\CodeIgniter))
12 FCPATH/index.php(56): CodeIgniter\Boot::bootWeb(Object(Config\Paths))
