CRITICAL - 2025-08-10 15:28:25 --> CodeIgniter\HTTP\Exceptions\BadRequestException: The URI you submitted has disallowed characters: "control-de-ruido-(acustica)-con-grupos-electrogenos,-encapsulados,-en-contenedor,-shelter"
[Method: GET, Route: producto/control-de-ruido-%28acustica%29-con-grupos-electrogenos,-encapsulados,-en-contenedor,-shelter]
in SYSTEMPATH/Router/Router.php on line 737.
 1 SYSTEMPATH/Router/Router.php(204): CodeIgniter\Router\Router->checkDisallowedChars('producto/control-de-ruido-(acustica)-con-grupos-electrogenos,-encapsulados,-en-contenedor,-shelter')
 2 SYSTEMPATH/CodeIgniter.php(834): CodeIgniter\Router\Router->handle('producto/control-de-ruido-(acustica)-con-grupos-electrogenos,-encapsulados,-en-contenedor,-shelter')
 3 SYSTEMPATH/CodeIgniter.php(457): CodeIgniter\CodeIgniter->tryToRouteIt(Object(CodeIgniter\Router\RouteCollection))
 4 SYSTEMPATH/CodeIgniter.php(355): CodeIgniter\CodeIgniter->handleRequest(null, Object(Config\Cache), false)
 5 SYSTEMPATH/Boot.php(325): CodeIgniter\CodeIgniter->run()
 6 SYSTEMPATH/Boot.php(67): CodeIgniter\Boot::runCodeIgniter(Object(CodeIgniter\CodeIgniter))
 7 FCPATH/index.php(56): CodeIgniter\Boot::bootWeb(Object(Config\Paths))
CRITICAL - 2025-08-10 20:23:36 --> CodeIgniter\HTTP\Exceptions\BadRequestException: The URI you submitted has disallowed characters: "mantenimiento-preventivo-y-correctivo-a-grupos-electrogenos-y-maquinas-afines,-dializacion-de-tanques-bd5"
[Method: GET, Route: producto/mantenimiento-preventivo-y-correctivo-a-grupos-electrogenos-y-maquinas-afines,-dializacion-de-tanques-bd5]
in SYSTEMPATH/Router/Router.php on line 737.
 1 SYSTEMPATH/Router/Router.php(204): CodeIgniter\Router\Router->checkDisallowedChars('producto/mantenimiento-preventivo-y-correctivo-a-grupos-electrogenos-y-maquinas-afines,-dializacion-de-tanques-bd5')
 2 SYSTEMPATH/CodeIgniter.php(834): CodeIgniter\Router\Router->handle('producto/mantenimiento-preventivo-y-correctivo-a-grupos-electrogenos-y-maquinas-afines,-dializacion-de-tanques-bd5')
 3 SYSTEMPATH/CodeIgniter.php(457): CodeIgniter\CodeIgniter->tryToRouteIt(Object(CodeIgniter\Router\RouteCollection))
 4 SYSTEMPATH/CodeIgniter.php(355): CodeIgniter\CodeIgniter->handleRequest(null, Object(Config\Cache), false)
 5 SYSTEMPATH/Boot.php(325): CodeIgniter\CodeIgniter->run()
 6 SYSTEMPATH/Boot.php(67): CodeIgniter\Boot::runCodeIgniter(Object(CodeIgniter\CodeIgniter))
 7 FCPATH/index.php(56): CodeIgniter\Boot::bootWeb(Object(Config\Paths))
