CRITICAL - 2025-08-07 00:09:01 --> ErrorException: Undefined variable $pcategorias
[Method: GET, Route: proyectos]
in APPPATH/Views/front/body/proyectos.php on line 45.
 1 APPPATH/Views/front/body/proyectos.php(45): CodeIgniter\Debug\Exceptions->errorHandler(2, 'Undefined variable $pcategorias', '/home/ironplastcom/public_html/demo/app/Views/front/body/proyectos.php', 45)
 2 SYSTEMPATH/View/View.php(234): include('/home/ironplastcom/public_html/demo/app/Views/front/body/proyectos.php')
 3 SYSTEMPATH/View/View.php(237): CodeIgniter\View\View->CodeIgniter\View\{closure}()
 4 SYSTEMPATH/Common.php(1169): CodeIgniter\View\View->render('front/body/proyectos', [], true)
 5 APPPATH/Controllers/BaseController.php(65): view('front/body/proyectos', [...])
 6 APPPATH/Controllers/Front.php(67): App\Controllers\BaseController->front_views('front/body/proyectos', [...])
 7 SYSTEMPATH/CodeIgniter.php(933): App\Controllers\Front->proyectos()
 8 SYSTEMPATH/CodeIgniter.php(509): CodeIgniter\CodeIgniter->runController(Object(App\Controllers\Front))
 9 SYSTEMPATH/CodeIgniter.php(355): CodeIgniter\CodeIgniter->handleRequest(null, Object(Config\Cache), false)
10 SYSTEMPATH/Boot.php(325): CodeIgniter\CodeIgniter->run()
11 SYSTEMPATH/Boot.php(67): CodeIgniter\Boot::runCodeIgniter(Object(CodeIgniter\CodeIgniter))
12 FCPATH/index.php(56): CodeIgniter\Boot::bootWeb(Object(Config\Paths))
CRITICAL - 2025-08-07 00:09:02 --> ErrorException: Undefined variable $nosotros
[Method: GET, Route: nosotros]
in APPPATH/Views/front/body/nosotros.php on line 21.
 1 APPPATH/Views/front/body/nosotros.php(21): CodeIgniter\Debug\Exceptions->errorHandler(2, 'Undefined variable $nosotros', '/home/ironplastcom/public_html/demo/app/Views/front/body/nosotros.php', 21)
 2 SYSTEMPATH/View/View.php(234): include('/home/ironplastcom/public_html/demo/app/Views/front/body/nosotros.php')
 3 SYSTEMPATH/View/View.php(237): CodeIgniter\View\View->CodeIgniter\View\{closure}()
 4 SYSTEMPATH/Common.php(1169): CodeIgniter\View\View->render('front/body/nosotros', [], true)
 5 APPPATH/Controllers/BaseController.php(65): view('front/body/nosotros', [...])
 6 APPPATH/Controllers/Front.php(39): App\Controllers\BaseController->front_views('front/body/nosotros', [...])
 7 SYSTEMPATH/CodeIgniter.php(933): App\Controllers\Front->nosotros()
 8 SYSTEMPATH/CodeIgniter.php(509): CodeIgniter\CodeIgniter->runController(Object(App\Controllers\Front))
 9 SYSTEMPATH/CodeIgniter.php(355): CodeIgniter\CodeIgniter->handleRequest(null, Object(Config\Cache), false)
10 SYSTEMPATH/Boot.php(325): CodeIgniter\CodeIgniter->run()
11 SYSTEMPATH/Boot.php(67): CodeIgniter\Boot::runCodeIgniter(Object(CodeIgniter\CodeIgniter))
12 FCPATH/index.php(56): CodeIgniter\Boot::bootWeb(Object(Config\Paths))
CRITICAL - 2025-08-07 00:10:53 --> CodeIgniter\HTTP\Exceptions\BadRequestException: The URI you submitted has disallowed characters: "'   parseInt(paginator.number   1)   '"
[Method: GET, Route: template/paginator/%27%20%20%20parseInt%28paginator.number%20%20%201%29%20%20%20%27]
in SYSTEMPATH/Router/Router.php on line 737.
 1 SYSTEMPATH/Router/Router.php(204): CodeIgniter\Router\Router->checkDisallowedChars('template/paginator/\'   parseInt(paginator.number   1)   \'')
 2 SYSTEMPATH/CodeIgniter.php(834): CodeIgniter\Router\Router->handle('template/paginator/\'   parseInt(paginator.number   1)   \'')
 3 SYSTEMPATH/CodeIgniter.php(457): CodeIgniter\CodeIgniter->tryToRouteIt(Object(CodeIgniter\Router\RouteCollection))
 4 SYSTEMPATH/CodeIgniter.php(355): CodeIgniter\CodeIgniter->handleRequest(null, Object(Config\Cache), false)
 5 SYSTEMPATH/Boot.php(325): CodeIgniter\CodeIgniter->run()
 6 SYSTEMPATH/Boot.php(67): CodeIgniter\Boot::runCodeIgniter(Object(CodeIgniter\CodeIgniter))
 7 FCPATH/index.php(56): CodeIgniter\Boot::bootWeb(Object(Config\Paths))
CRITICAL - 2025-08-07 00:10:56 --> CodeIgniter\HTTP\Exceptions\BadRequestException: The URI you submitted has disallowed characters: "'   pagina   '"
[Method: GET, Route: template/paginator/%27%20%20%20pagina%20%20%20%27]
in SYSTEMPATH/Router/Router.php on line 737.
 1 SYSTEMPATH/Router/Router.php(204): CodeIgniter\Router\Router->checkDisallowedChars('template/paginator/\'   pagina   \'')
 2 SYSTEMPATH/CodeIgniter.php(834): CodeIgniter\Router\Router->handle('template/paginator/\'   pagina   \'')
 3 SYSTEMPATH/CodeIgniter.php(457): CodeIgniter\CodeIgniter->tryToRouteIt(Object(CodeIgniter\Router\RouteCollection))
 4 SYSTEMPATH/CodeIgniter.php(355): CodeIgniter\CodeIgniter->handleRequest(null, Object(Config\Cache), false)
 5 SYSTEMPATH/Boot.php(325): CodeIgniter\CodeIgniter->run()
 6 SYSTEMPATH/Boot.php(67): CodeIgniter\Boot::runCodeIgniter(Object(CodeIgniter\CodeIgniter))
 7 FCPATH/index.php(56): CodeIgniter\Boot::bootWeb(Object(Config\Paths))
CRITICAL - 2025-08-07 00:11:01 --> CodeIgniter\HTTP\Exceptions\BadRequestException: The URI you submitted has disallowed characters: "'   paginator.totalPages   '"
[Method: GET, Route: template/paginator/%27%20%20%20paginator.totalPages%20%20%20%27]
in SYSTEMPATH/Router/Router.php on line 737.
 1 SYSTEMPATH/Router/Router.php(204): CodeIgniter\Router\Router->checkDisallowedChars('template/paginator/\'   paginator.totalPages   \'')
 2 SYSTEMPATH/CodeIgniter.php(834): CodeIgniter\Router\Router->handle('template/paginator/\'   paginator.totalPages   \'')
 3 SYSTEMPATH/CodeIgniter.php(457): CodeIgniter\CodeIgniter->tryToRouteIt(Object(CodeIgniter\Router\RouteCollection))
 4 SYSTEMPATH/CodeIgniter.php(355): CodeIgniter\CodeIgniter->handleRequest(null, Object(Config\Cache), false)
 5 SYSTEMPATH/Boot.php(325): CodeIgniter\CodeIgniter->run()
 6 SYSTEMPATH/Boot.php(67): CodeIgniter\Boot::runCodeIgniter(Object(CodeIgniter\CodeIgniter))
 7 FCPATH/index.php(56): CodeIgniter\Boot::bootWeb(Object(Config\Paths))
CRITICAL - 2025-08-07 00:11:02 --> CodeIgniter\HTTP\Exceptions\BadRequestException: The URI you submitted has disallowed characters: "'   parseInt(paginator.number - 1)   '"
[Method: GET, Route: template/paginator/%27%20%20%20parseInt%28paginator.number%20-%201%29%20%20%20%27]
in SYSTEMPATH/Router/Router.php on line 737.
 1 SYSTEMPATH/Router/Router.php(204): CodeIgniter\Router\Router->checkDisallowedChars('template/paginator/\'   parseInt(paginator.number - 1)   \'')
 2 SYSTEMPATH/CodeIgniter.php(834): CodeIgniter\Router\Router->handle('template/paginator/\'   parseInt(paginator.number - 1)   \'')
 3 SYSTEMPATH/CodeIgniter.php(457): CodeIgniter\CodeIgniter->tryToRouteIt(Object(CodeIgniter\Router\RouteCollection))
 4 SYSTEMPATH/CodeIgniter.php(355): CodeIgniter\CodeIgniter->handleRequest(null, Object(Config\Cache), false)
 5 SYSTEMPATH/Boot.php(325): CodeIgniter\CodeIgniter->run()
 6 SYSTEMPATH/Boot.php(67): CodeIgniter\Boot::runCodeIgniter(Object(CodeIgniter\CodeIgniter))
 7 FCPATH/index.php(56): CodeIgniter\Boot::bootWeb(Object(Config\Paths))
CRITICAL - 2025-08-07 00:11:14 --> ErrorException: Undefined variable $nosotros
[Method: GET, Route: nosotros]
in APPPATH/Views/front/body/nosotros.php on line 21.
 1 APPPATH/Views/front/body/nosotros.php(21): CodeIgniter\Debug\Exceptions->errorHandler(2, 'Undefined variable $nosotros', '/home/ironplastcom/public_html/demo/app/Views/front/body/nosotros.php', 21)
 2 SYSTEMPATH/View/View.php(234): include('/home/ironplastcom/public_html/demo/app/Views/front/body/nosotros.php')
 3 SYSTEMPATH/View/View.php(237): CodeIgniter\View\View->CodeIgniter\View\{closure}()
 4 SYSTEMPATH/Common.php(1169): CodeIgniter\View\View->render('front/body/nosotros', [], true)
 5 APPPATH/Controllers/BaseController.php(65): view('front/body/nosotros', [...])
 6 APPPATH/Controllers/Front.php(39): App\Controllers\BaseController->front_views('front/body/nosotros', [...])
 7 SYSTEMPATH/CodeIgniter.php(933): App\Controllers\Front->nosotros()
 8 SYSTEMPATH/CodeIgniter.php(509): CodeIgniter\CodeIgniter->runController(Object(App\Controllers\Front))
 9 SYSTEMPATH/CodeIgniter.php(355): CodeIgniter\CodeIgniter->handleRequest(null, Object(Config\Cache), false)
10 SYSTEMPATH/Boot.php(325): CodeIgniter\CodeIgniter->run()
11 SYSTEMPATH/Boot.php(67): CodeIgniter\Boot::runCodeIgniter(Object(CodeIgniter\CodeIgniter))
12 FCPATH/index.php(56): CodeIgniter\Boot::bootWeb(Object(Config\Paths))
CRITICAL - 2025-08-07 00:11:22 --> ErrorException: Undefined variable $pcategorias
[Method: GET, Route: proyectos]
in APPPATH/Views/front/body/proyectos.php on line 45.
 1 APPPATH/Views/front/body/proyectos.php(45): CodeIgniter\Debug\Exceptions->errorHandler(2, 'Undefined variable $pcategorias', '/home/ironplastcom/public_html/demo/app/Views/front/body/proyectos.php', 45)
 2 SYSTEMPATH/View/View.php(234): include('/home/ironplastcom/public_html/demo/app/Views/front/body/proyectos.php')
 3 SYSTEMPATH/View/View.php(237): CodeIgniter\View\View->CodeIgniter\View\{closure}()
 4 SYSTEMPATH/Common.php(1169): CodeIgniter\View\View->render('front/body/proyectos', [], true)
 5 APPPATH/Controllers/BaseController.php(65): view('front/body/proyectos', [...])
 6 APPPATH/Controllers/Front.php(67): App\Controllers\BaseController->front_views('front/body/proyectos', [...])
 7 SYSTEMPATH/CodeIgniter.php(933): App\Controllers\Front->proyectos()
 8 SYSTEMPATH/CodeIgniter.php(509): CodeIgniter\CodeIgniter->runController(Object(App\Controllers\Front))
 9 SYSTEMPATH/CodeIgniter.php(355): CodeIgniter\CodeIgniter->handleRequest(null, Object(Config\Cache), false)
10 SYSTEMPATH/Boot.php(325): CodeIgniter\CodeIgniter->run()
11 SYSTEMPATH/Boot.php(67): CodeIgniter\Boot::runCodeIgniter(Object(CodeIgniter\CodeIgniter))
12 FCPATH/index.php(56): CodeIgniter\Boot::bootWeb(Object(Config\Paths))
CRITICAL - 2025-08-07 22:20:46 --> ErrorException: Undefined variable $nosotros
[Method: GET, Route: nosotros]
in APPPATH/Views/front/body/nosotros.php on line 21.
 1 APPPATH/Views/front/body/nosotros.php(21): CodeIgniter\Debug\Exceptions->errorHandler(2, 'Undefined variable $nosotros', '/home/ironplastcom/public_html/demo/app/Views/front/body/nosotros.php', 21)
 2 SYSTEMPATH/View/View.php(234): include('/home/ironplastcom/public_html/demo/app/Views/front/body/nosotros.php')
 3 SYSTEMPATH/View/View.php(237): CodeIgniter\View\View->CodeIgniter\View\{closure}()
 4 SYSTEMPATH/Common.php(1169): CodeIgniter\View\View->render('front/body/nosotros', [], true)
 5 APPPATH/Controllers/BaseController.php(65): view('front/body/nosotros', [...])
 6 APPPATH/Controllers/Front.php(39): App\Controllers\BaseController->front_views('front/body/nosotros', [...])
 7 SYSTEMPATH/CodeIgniter.php(933): App\Controllers\Front->nosotros()
 8 SYSTEMPATH/CodeIgniter.php(509): CodeIgniter\CodeIgniter->runController(Object(App\Controllers\Front))
 9 SYSTEMPATH/CodeIgniter.php(355): CodeIgniter\CodeIgniter->handleRequest(null, Object(Config\Cache), false)
10 SYSTEMPATH/Boot.php(325): CodeIgniter\CodeIgniter->run()
11 SYSTEMPATH/Boot.php(67): CodeIgniter\Boot::runCodeIgniter(Object(CodeIgniter\CodeIgniter))
12 FCPATH/index.php(56): CodeIgniter\Boot::bootWeb(Object(Config\Paths))
CRITICAL - 2025-08-07 22:25:44 --> ErrorException: Undefined variable $nosotros
[Method: GET, Route: nosotros]
in APPPATH/Views/front/body/nosotros.php on line 21.
 1 APPPATH/Views/front/body/nosotros.php(21): CodeIgniter\Debug\Exceptions->errorHandler(2, 'Undefined variable $nosotros', '/home/ironplastcom/public_html/demo/app/Views/front/body/nosotros.php', 21)
 2 SYSTEMPATH/View/View.php(234): include('/home/ironplastcom/public_html/demo/app/Views/front/body/nosotros.php')
 3 SYSTEMPATH/View/View.php(237): CodeIgniter\View\View->CodeIgniter\View\{closure}()
 4 SYSTEMPATH/Common.php(1169): CodeIgniter\View\View->render('front/body/nosotros', [], true)
 5 APPPATH/Controllers/BaseController.php(65): view('front/body/nosotros', [...])
 6 APPPATH/Controllers/Front.php(39): App\Controllers\BaseController->front_views('front/body/nosotros', [...])
 7 SYSTEMPATH/CodeIgniter.php(933): App\Controllers\Front->nosotros()
 8 SYSTEMPATH/CodeIgniter.php(509): CodeIgniter\CodeIgniter->runController(Object(App\Controllers\Front))
 9 SYSTEMPATH/CodeIgniter.php(355): CodeIgniter\CodeIgniter->handleRequest(null, Object(Config\Cache), false)
10 SYSTEMPATH/Boot.php(325): CodeIgniter\CodeIgniter->run()
11 SYSTEMPATH/Boot.php(67): CodeIgniter\Boot::runCodeIgniter(Object(CodeIgniter\CodeIgniter))
12 FCPATH/index.php(56): CodeIgniter\Boot::bootWeb(Object(Config\Paths))
